2026-03-09 13:19:15,334 protein_optimizer.pipeline: Pipeline will execute 12 steps: ['cysteine_scan', 'motif_scan', 'sequence_complexity', 'find_homologs', 'consensus_design', 'pssm_analysis', 'predict_structure', 'disulfide_design', 'cavity_fill', 'surface_patch', 'esm1v_score', 'combine_variants']
2026-03-09 13:19:15,364 protein_optimizer.steps.base: [Tier 1] Starting step: Cysteine Scanner
2026-03-09 13:19:15,368 protein_optimizer.steps.base: [Tier 1] Completed step: Cysteine Scanner (11 candidates)
2026-03-09 13:19:15,369 protein_optimizer.pipeline: Saved cysteine_scan result to run_proteins/jcDRM_results/cysteine_scan.json
2026-03-09 13:19:15,370 protein_optimizer.steps.base: [Tier 1] Starting step: Motif Scanner
2026-03-09 13:19:15,380 protein_optimizer.steps.base: [Tier 1] Completed step: Motif Scanner (180 candidates)
2026-03-09 13:19:15,428 protein_optimizer.pipeline: Saved motif_scan result to run_proteins/jcDRM_results/motif_scan.json
2026-03-09 13:19:15,431 protein_optimizer.steps.base: [Tier 1] Starting step: Sequence Complexity
2026-03-09 13:19:16,123 protein_optimizer.steps.base: [Tier 1] Completed step: Sequence Complexity (180 candidates)
2026-03-09 13:19:16,163 protein_optimizer.pipeline: Saved sequence_complexity result to run_proteins/jcDRM_results/sequence_complexity.json
2026-03-09 13:19:16,163 protein_optimizer.steps.base: [Tier 2] Starting step: Homolog Search
2026-03-09 13:19:16,163 protein_optimizer.steps.find_homologs: Searching for homologs of jcDRM using method=colabfold
2026-03-09 13:19:16,164 protein_optimizer.steps.find_homologs: Submitting sequence to ColabFold API server...
2026-03-09 13:19:16,875 protein_optimizer.steps.find_homologs: ColabFold ticket: vNZ5PVXulIQtFxTfQ5FHlTv_Gc7GCq2WR_94FA. Polling for results...
2026-03-09 13:19:19,560 protein_optimizer.steps.find_homologs: ColabFold returned 500 unique homologs
2026-03-09 13:19:19,561 protein_optimizer.steps.find_homologs: Found 500 homologs for jcDRM
2026-03-09 13:19:22,342 protein_optimizer.steps.base: [Tier 2] Completed step: Homolog Search (180 candidates)
2026-03-09 13:19:22,502 protein_optimizer.pipeline: Saved find_homologs result to run_proteins/jcDRM_results/find_homologs.json
2026-03-09 13:19:22,503 protein_optimizer.steps.base: [Tier 2] Starting step: Consensus Design
2026-03-09 13:19:22,729 protein_optimizer.steps.consensus_design: jcDRM: Found 16 consensus mutations
2026-03-09 13:19:22,730 protein_optimizer.steps.base: [Tier 2] Completed step: Consensus Design (18 candidates)
2026-03-09 13:19:22,734 protein_optimizer.pipeline: Saved consensus_design result to run_proteins/jcDRM_results/consensus_design.json
2026-03-09 13:19:22,735 protein_optimizer.steps.base: [Tier 2] Starting step: PSSM Analysis
2026-03-09 13:19:22,925 protein_optimizer.steps.pssm_analysis: jcDRM: Found 30 PSSM-beneficial mutations
2026-03-09 13:19:22,927 protein_optimizer.steps.base: [Tier 2] Completed step: PSSM Analysis (31 candidates)
2026-03-09 13:19:22,962 protein_optimizer.pipeline: Saved pssm_analysis result to run_proteins/jcDRM_results/pssm_analysis.json
2026-03-09 13:19:22,963 protein_optimizer.steps.base: [Tier 3] Starting step: Structure Prediction
2026-03-09 13:19:22,964 protein_optimizer.steps.predict_structure: Running Boltz-2 for jcDRM in conda env 'boltz2-env'...
2026-03-09 13:21:41,314 protein_optimizer.steps.predict_structure: jcDRM: pLDDT = 94.1
2026-03-09 13:21:41,314 protein_optimizer.steps.base: [Tier 3] Completed step: Structure Prediction (31 candidates)
2026-03-09 13:21:41,331 protein_optimizer.pipeline: Saved predict_structure result to run_proteins/jcDRM_results/predict_structure.json
2026-03-09 13:21:41,332 protein_optimizer.steps.base: [Tier 3] Starting step: Disulfide Design
2026-03-09 13:21:41,439 protein_optimizer.steps.disulfide_design: jcDRM: Found 10 disulfide candidates
2026-03-09 13:21:41,440 protein_optimizer.steps.base: [Tier 3] Completed step: Disulfide Design (11 candidates)
2026-03-09 13:21:41,456 protein_optimizer.pipeline: Saved disulfide_design result to run_proteins/jcDRM_results/disulfide_design.json
2026-03-09 13:21:41,456 protein_optimizer.steps.base: [Tier 3] Starting step: Cavity Filling
2026-03-09 13:21:41,493 protein_optimizer.steps.cavity_fill: jcDRM: 10 cavity-fill mutations proposed
2026-03-09 13:21:41,493 protein_optimizer.steps.base: [Tier 3] Completed step: Cavity Filling (11 candidates)
2026-03-09 13:21:41,509 protein_optimizer.pipeline: Saved cavity_fill result to run_proteins/jcDRM_results/cavity_fill.json
2026-03-09 13:21:41,509 protein_optimizer.steps.base: [Tier 3] Starting step: Surface Patch Analysis
2026-03-09 13:21:42,228 protein_optimizer.steps.surface_patch: jcDRM: 2 hydrophobic patches, 10 mutations proposed
2026-03-09 13:21:42,228 protein_optimizer.steps.base: [Tier 3] Completed step: Surface Patch Analysis (11 candidates)
2026-03-09 13:21:42,244 protein_optimizer.pipeline: Saved surface_patch result to run_proteins/jcDRM_results/surface_patch.json
2026-03-09 13:21:42,244 protein_optimizer.steps.base: [Tier 4] Starting step: ESM-1v Ensemble Scoring
2026-03-09 13:21:42,245 protein_optimizer.steps.esm1v_score: Dispatching ESM-1v scoring to conda env 'plm' (11 sequences, 5 models)...
2026-03-09 14:13:30,665 protein_optimizer.steps.esm1v_score: ESM-1v scored 11/11 candidates
2026-03-09 14:13:30,666 protein_optimizer.steps.base: [Tier 4] Completed step: ESM-1v Ensemble Scoring (11 candidates)
2026-03-09 14:13:30,722 protein_optimizer.pipeline: Saved esm1v_score result to run_proteins/jcDRM_results/esm1v_score.json
2026-03-09 14:13:30,722 protein_optimizer.steps.base: [Tier 4] Starting step: Combine Top Variants
2026-03-09 14:13:30,722 protein_optimizer.steps.combine_variants: jcDRM: Combining top 2 mutations (order 2–3)
2026-03-09 14:13:30,723 protein_optimizer.steps.combine_variants: jcDRM: Generated 0 combinatorial variants
2026-03-09 14:13:30,724 protein_optimizer.steps.base: [Tier 4] Completed step: Combine Top Variants (11 candidates)
2026-03-09 14:13:30,760 protein_optimizer.pipeline: Saved combine_variants result to run_proteins/jcDRM_results/combine_variants.json
2026-03-09 14:13:30,773 protein_optimizer.pipeline: Score aggregation complete.
2026-03-09 14:13:30,774 protein_optimizer.scoring.filters: Filter: 11 passed, 0 failed out of 11 total
2026-03-09 14:13:30,775 protein_optimizer.pipeline: Filtering: 11 passed, 0 failed.
2026-03-09 14:13:30,796 protein_optimizer.reporting.html_report: Report saved to run_proteins/jcDRM_results/report.html
2026-03-09 14:13:30,796 protein_optimizer.pipeline: Pipeline complete. 11 final candidates.
