nohup: ignoring input
22:43:29 [INFO] protein_optimizer.pipeline: Logging to /home/markzurbruegg/protein_optimizer/run_proteins/jcDRM_results/pipeline.log
22:43:29 [INFO] protein_optimizer.pipeline: ========================================================================
22:43:29 [INFO] protein_optimizer.pipeline: PIPELINE START — 16 steps on jcDRM.fasta
22:43:29 [INFO] protein_optimizer.pipeline:   Input: 1 candidate(s)
22:43:29 [INFO] protein_optimizer.pipeline:   Output: /home/markzurbruegg/protein_optimizer/run_proteins/jcDRM_results
22:43:29 [INFO] protein_optimizer.pipeline:   Steps: cysteine_scan, motif_scan, sequence_complexity, find_homologs, consensus_design, pssm_analysis, predict_structure, stability_ddg, disulfide_design, cavity_fill, surface_patch, rfdiffusion_diversify, proteinmpnn_design, design_validate, combine_variants, e1_score
22:43:29 [INFO] protein_optimizer.pipeline: ========================================================================
22:43:29 [INFO] protein_optimizer.pipeline: ────────────────────────────────────────────────────────────────────────
22:43:29 [INFO] protein_optimizer.pipeline: Step 1/16: Cysteine Scanner (cysteine_scan)  [Tier 1]
22:43:29 [INFO] protein_optimizer.pipeline: ────────────────────────────────────────────────────────────────────────
22:43:29 [INFO] protein_optimizer.steps.base: [Tier 1] Starting step: Cysteine Scanner  (input: 1 candidates)
22:43:29 [INFO] protein_optimizer.steps.base: [Tier 1] Completed step: Cysteine Scanner  (11 candidates, +10 new, 18 mutations)  [0.0s]
22:43:29 [INFO] protein_optimizer.steps.base:   scores/cys_risk: min=0.5000  max=5.8500  mean=1.1700  (n=10)
22:43:29 [INFO] protein_optimizer.pipeline: Saved cysteine_scan result to /home/markzurbruegg/protein_optimizer/run_proteins/jcDRM_results/cysteine_scan.json
22:43:29 [INFO] protein_optimizer.pipeline: ────────────────────────────────────────────────────────────────────────
22:43:29 [INFO] protein_optimizer.pipeline: Step 2/16: Motif Scanner (motif_scan)  [Tier 1]
22:43:29 [INFO] protein_optimizer.pipeline: ────────────────────────────────────────────────────────────────────────
22:43:29 [INFO] protein_optimizer.steps.base: [Tier 1] Starting step: Motif Scanner  (input: 11 candidates)
22:43:29 [INFO] protein_optimizer.steps.base: [Tier 1] Completed step: Motif Scanner  (180 candidates, +169 new, 477 mutations)  [0.0s]
22:43:29 [INFO] protein_optimizer.steps.base:   scores/cys_risk: min=0.5000  max=5.8500  mean=1.1700  (n=10)
22:43:29 [INFO] protein_optimizer.steps.base:   scores/motif_count: min=15.0000  max=17.0000  mean=15.3636  (n=11)
22:43:29 [INFO] protein_optimizer.steps.base:   scores/motif_risk_fixed: min=0.3000  max=0.7000  mean=0.5308  (n=169)
22:43:29 [INFO] protein_optimizer.steps.base:   scores/motif_risk_total: min=7.9000  max=9.3000  mean=8.1545  (n=11)
22:43:29 [INFO] protein_optimizer.pipeline: Saved motif_scan result to /home/markzurbruegg/protein_optimizer/run_proteins/jcDRM_results/motif_scan.json
22:43:29 [INFO] protein_optimizer.pipeline: ────────────────────────────────────────────────────────────────────────
22:43:29 [INFO] protein_optimizer.pipeline: Step 3/16: Sequence Complexity (sequence_complexity)  [Tier 1]
22:43:29 [INFO] protein_optimizer.pipeline: ────────────────────────────────────────────────────────────────────────
22:43:29 [INFO] protein_optimizer.steps.base: [Tier 1] Starting step: Sequence Complexity  (input: 180 candidates)
22:43:29 [INFO] protein_optimizer.steps.base: [Tier 1] Completed step: Sequence Complexity  (180 candidates, +0 new, 477 mutations)  [0.3s]
22:43:29 [INFO] protein_optimizer.steps.base:   scores/complexity_issues: min=2.0000  max=2.0000  mean=2.0000  (n=180)
22:43:29 [INFO] protein_optimizer.steps.base:   scores/complexity_risk_total: min=0.6000  max=0.6000  mean=0.6000  (n=180)
22:43:29 [INFO] protein_optimizer.steps.base:   scores/cys_risk: min=0.5000  max=5.8500  mean=1.1700  (n=10)
22:43:29 [INFO] protein_optimizer.steps.base:   scores/motif_count: min=15.0000  max=17.0000  mean=15.3636  (n=11)
22:43:29 [INFO] protein_optimizer.steps.base:   scores/motif_risk_fixed: min=0.3000  max=0.7000  mean=0.5308  (n=169)
22:43:29 [INFO] protein_optimizer.steps.base:   scores/motif_risk_total: min=7.9000  max=9.3000  mean=8.1545  (n=11)
22:43:29 [INFO] protein_optimizer.pipeline: Saved sequence_complexity result to /home/markzurbruegg/protein_optimizer/run_proteins/jcDRM_results/sequence_complexity.json
22:43:29 [INFO] protein_optimizer.pipeline: ────────────────────────────────────────────────────────────────────────
22:43:29 [INFO] protein_optimizer.pipeline: Step 4/16: Homolog Search (find_homologs)  [Tier 2]
22:43:29 [INFO] protein_optimizer.pipeline: ────────────────────────────────────────────────────────────────────────
22:43:29 [INFO] protein_optimizer.steps.base: [Tier 2] Starting step: Homolog Search  (input: 180 candidates)
22:43:29 [INFO] protein_optimizer.steps.find_homologs: Searching for homologs of jcDRM using method=colabfold
22:43:29 [INFO] protein_optimizer.steps.find_homologs: Submitting sequence to ColabFold API server...
22:43:30 [INFO] protein_optimizer.steps.find_homologs: ColabFold ticket: vNZ5PVXulIQtFxTfQ5FHlTv_Gc7GCq2WR_94FA. Polling for results...
22:43:32 [INFO] protein_optimizer.steps.find_homologs: ColabFold returned 500 unique homologs
22:43:32 [INFO] protein_optimizer.steps.find_homologs: Found 500 homologs for jcDRM
22:43:34 [INFO] protein_optimizer.steps.base: [Tier 2] Completed step: Homolog Search  (180 candidates, +0 new, 477 mutations)  [4.7s]
22:43:34 [INFO] protein_optimizer.steps.base:   scores/complexity_issues: min=2.0000  max=2.0000  mean=2.0000  (n=180)
22:43:34 [INFO] protein_optimizer.steps.base:   scores/complexity_risk_total: min=0.6000  max=0.6000  mean=0.6000  (n=180)
22:43:34 [INFO] protein_optimizer.steps.base:   scores/cys_risk: min=0.5000  max=5.8500  mean=1.1700  (n=10)
22:43:34 [INFO] protein_optimizer.steps.base:   scores/motif_count: min=15.0000  max=17.0000  mean=15.3636  (n=11)
22:43:34 [INFO] protein_optimizer.steps.base:   scores/motif_risk_fixed: min=0.3000  max=0.7000  mean=0.5308  (n=169)
22:43:34 [INFO] protein_optimizer.steps.base:   scores/motif_risk_total: min=7.9000  max=9.3000  mean=8.1545  (n=11)
22:43:34 [INFO] protein_optimizer.pipeline: Saved find_homologs result to /home/markzurbruegg/protein_optimizer/run_proteins/jcDRM_results/find_homologs.json
22:43:34 [INFO] protein_optimizer.pipeline: ────────────────────────────────────────────────────────────────────────
22:43:34 [INFO] protein_optimizer.pipeline: Step 5/16: Consensus Design (consensus_design)  [Tier 2]
22:43:34 [INFO] protein_optimizer.pipeline: ────────────────────────────────────────────────────────────────────────
22:43:34 [INFO] protein_optimizer.steps.base: [Tier 2] Starting step: Consensus Design  (input: 180 candidates)
22:43:34 [INFO] protein_optimizer.steps.consensus_design: jcDRM: Found 40 consensus mutations
22:43:34 [INFO] protein_optimizer.steps.base: [Tier 2] Completed step: Consensus Design  (22 candidates, +-158 new, 25 mutations)  [0.1s]
22:43:34 [INFO] protein_optimizer.steps.base:   scores/complexity_issues: min=2.0000  max=2.0000  mean=2.0000  (n=1)
22:43:34 [INFO] protein_optimizer.steps.base:   scores/complexity_risk_total: min=0.6000  max=0.6000  mean=0.6000  (n=1)
22:43:34 [INFO] protein_optimizer.steps.base:   scores/consensus_conservation: min=0.4469  max=3.8866  mean=0.7580  (n=21)
22:43:34 [INFO] protein_optimizer.steps.base:   scores/motif_count: min=15.0000  max=15.0000  mean=15.0000  (n=1)
22:43:34 [INFO] protein_optimizer.steps.base:   scores/motif_risk_total: min=7.9000  max=7.9000  mean=7.9000  (n=1)
22:43:34 [INFO] protein_optimizer.pipeline: Saved consensus_design result to /home/markzurbruegg/protein_optimizer/run_proteins/jcDRM_results/consensus_design.json
22:43:34 [INFO] protein_optimizer.pipeline: ────────────────────────────────────────────────────────────────────────
22:43:34 [INFO] protein_optimizer.pipeline: Step 6/16: PSSM Analysis (pssm_analysis)  [Tier 2]
22:43:34 [INFO] protein_optimizer.pipeline: ────────────────────────────────────────────────────────────────────────
22:43:34 [INFO] protein_optimizer.steps.base: [Tier 2] Starting step: PSSM Analysis  (input: 22 candidates)
22:43:34 [INFO] protein_optimizer.steps.pssm_analysis: jcDRM: Found 30 PSSM-beneficial mutations
22:43:34 [INFO] protein_optimizer.steps.base: [Tier 2] Completed step: PSSM Analysis  (31 candidates, +9 new, 30 mutations)  [0.1s]
22:43:34 [INFO] protein_optimizer.steps.base:   scores/complexity_issues: min=2.0000  max=2.0000  mean=2.0000  (n=1)
22:43:34 [INFO] protein_optimizer.steps.base:   scores/complexity_risk_total: min=0.6000  max=0.6000  mean=0.6000  (n=1)
22:43:34 [INFO] protein_optimizer.steps.base:   scores/motif_count: min=15.0000  max=15.0000  mean=15.0000  (n=1)
22:43:34 [INFO] protein_optimizer.steps.base:   scores/motif_risk_total: min=7.9000  max=7.9000  mean=7.9000  (n=1)
22:43:34 [INFO] protein_optimizer.steps.base:   scores/pssm_log_odds: min=2.1662  max=8.1310  mean=3.4130  (n=30)
22:43:34 [INFO] protein_optimizer.pipeline: Saved pssm_analysis result to /home/markzurbruegg/protein_optimizer/run_proteins/jcDRM_results/pssm_analysis.json
22:43:34 [INFO] protein_optimizer.pipeline: ────────────────────────────────────────────────────────────────────────
22:43:34 [INFO] protein_optimizer.pipeline: Step 7/16: Structure Prediction (predict_structure)  [Tier 3]
22:43:34 [INFO] protein_optimizer.pipeline: ────────────────────────────────────────────────────────────────────────
22:43:34 [INFO] protein_optimizer.steps.base: [Tier 3] Starting step: Structure Prediction  (input: 31 candidates)
22:43:34 [INFO] protein_optimizer.steps.predict_structure: Running Boltz-2 for jcDRM in conda env 'boltz2-env'...
22:43:42 [INFO] protein_optimizer.steps.predict_structure: jcDRM: pLDDT = 94.1
22:43:42 [INFO] protein_optimizer.steps.base: [Tier 3] Completed step: Structure Prediction  (31 candidates, +0 new, 30 mutations)  [7.8s]
22:43:42 [INFO] protein_optimizer.steps.base:   scores/complexity_issues: min=2.0000  max=2.0000  mean=2.0000  (n=1)
22:43:42 [INFO] protein_optimizer.steps.base:   scores/complexity_risk_total: min=0.6000  max=0.6000  mean=0.6000  (n=1)
22:43:42 [INFO] protein_optimizer.steps.base:   scores/motif_count: min=15.0000  max=15.0000  mean=15.0000  (n=1)
22:43:42 [INFO] protein_optimizer.steps.base:   scores/motif_risk_total: min=7.9000  max=7.9000  mean=7.9000  (n=1)
22:43:42 [INFO] protein_optimizer.steps.base:   scores/plddt: min=94.1376  max=94.1376  mean=94.1376  (n=1)
22:43:42 [INFO] protein_optimizer.steps.base:   scores/pssm_log_odds: min=2.1662  max=8.1310  mean=3.4130  (n=30)
22:43:42 [INFO] protein_optimizer.pipeline: Saved predict_structure result to /home/markzurbruegg/protein_optimizer/run_proteins/jcDRM_results/predict_structure.json
22:43:42 [INFO] protein_optimizer.pipeline: ────────────────────────────────────────────────────────────────────────
22:43:42 [INFO] protein_optimizer.pipeline: Step 8/16: Stability ΔΔG (stability_ddg)  [Tier 3]
22:43:42 [INFO] protein_optimizer.pipeline: ────────────────────────────────────────────────────────────────────────
22:43:42 [INFO] protein_optimizer.steps.base: [Tier 3] Starting step: Stability ΔΔG  (input: 31 candidates)
22:43:42 [INFO] protein_optimizer.steps.stability_ddg: jcDRM: Scanning 350 positions with ThermoMPNN
22:43:42 [INFO] protein_optimizer.steps.stability_ddg: Dispatching ThermoMPNN to conda env 'protopt' (350 positions)...
22:43:58 [INFO] protein_optimizer.steps.stability_ddg: jcDRM: 65 stabilizing mutations (ΔΔG < -0.5) out of 6650 scored
22:43:58 [INFO] protein_optimizer.steps.base: [Tier 3] Completed step: Stability ΔΔG  (66 candidates, +35 new, 65 mutations)  [15.9s]
22:43:58 [INFO] protein_optimizer.steps.base:   scores/complexity_issues: min=2.0000  max=2.0000  mean=2.0000  (n=1)
22:43:58 [INFO] protein_optimizer.steps.base:   scores/complexity_risk_total: min=0.6000  max=0.6000  mean=0.6000  (n=1)
22:43:58 [INFO] protein_optimizer.steps.base:   scores/ddg: min=-1.1111  max=-0.5072  mean=-0.6882  (n=65)
22:43:58 [INFO] protein_optimizer.steps.base:   scores/motif_count: min=15.0000  max=15.0000  mean=15.0000  (n=1)
22:43:58 [INFO] protein_optimizer.steps.base:   scores/motif_risk_total: min=7.9000  max=7.9000  mean=7.9000  (n=1)
22:43:58 [INFO] protein_optimizer.steps.base:   scores/plddt: min=94.1376  max=94.1376  mean=94.1376  (n=1)
22:43:58 [INFO] protein_optimizer.pipeline: Saved stability_ddg result to /home/markzurbruegg/protein_optimizer/run_proteins/jcDRM_results/stability_ddg.json
22:43:58 [INFO] protein_optimizer.pipeline: ────────────────────────────────────────────────────────────────────────
22:43:58 [INFO] protein_optimizer.pipeline: Step 9/16: Disulfide Design (disulfide_design)  [Tier 3]
22:43:58 [INFO] protein_optimizer.pipeline: ────────────────────────────────────────────────────────────────────────
22:43:58 [INFO] protein_optimizer.steps.base: [Tier 3] Starting step: Disulfide Design  (input: 66 candidates)
22:43:58 [INFO] protein_optimizer.steps.disulfide_design: jcDRM: Found 15 disulfide candidates
22:43:58 [INFO] protein_optimizer.steps.base: [Tier 3] Completed step: Disulfide Design  (16 candidates, +-50 new, 30 mutations)  [0.1s]
22:43:58 [INFO] protein_optimizer.steps.base:   scores/complexity_issues: min=2.0000  max=2.0000  mean=2.0000  (n=1)
22:43:58 [INFO] protein_optimizer.steps.base:   scores/complexity_risk_total: min=0.6000  max=0.6000  mean=0.6000  (n=1)
22:43:58 [INFO] protein_optimizer.steps.base:   scores/disulfide_cb_distance: min=3.7371  max=3.9933  mean=3.8551  (n=15)
22:43:58 [INFO] protein_optimizer.steps.base:   scores/disulfide_energy_estimate: min=-1.9565  max=-1.0336  mean=-1.5655  (n=15)
22:43:58 [INFO] protein_optimizer.steps.base:   scores/motif_count: min=15.0000  max=15.0000  mean=15.0000  (n=1)
22:43:58 [INFO] protein_optimizer.steps.base:   scores/motif_risk_total: min=7.9000  max=7.9000  mean=7.9000  (n=1)
22:43:58 [INFO] protein_optimizer.steps.base:   scores/plddt: min=94.1376  max=94.1376  mean=94.1376  (n=1)
22:43:58 [INFO] protein_optimizer.pipeline: Saved disulfide_design result to /home/markzurbruegg/protein_optimizer/run_proteins/jcDRM_results/disulfide_design.json
22:43:58 [INFO] protein_optimizer.pipeline: ────────────────────────────────────────────────────────────────────────
22:43:58 [INFO] protein_optimizer.pipeline: Step 10/16: Cavity Filling (cavity_fill)  [Tier 3]
22:43:58 [INFO] protein_optimizer.pipeline: ────────────────────────────────────────────────────────────────────────
22:43:58 [INFO] protein_optimizer.steps.base: [Tier 3] Starting step: Cavity Filling  (input: 16 candidates)
22:43:58 [INFO] protein_optimizer.steps.cavity_fill: jcDRM: 15 cavity-fill mutations proposed
22:43:58 [INFO] protein_optimizer.steps.base: [Tier 3] Completed step: Cavity Filling  (16 candidates, +0 new, 15 mutations)  [0.0s]
22:43:58 [INFO] protein_optimizer.steps.base:   scores/cavity_burial: min=1.3333  max=1.5667  mean=1.4378  (n=15)
22:43:58 [INFO] protein_optimizer.steps.base:   scores/complexity_issues: min=2.0000  max=2.0000  mean=2.0000  (n=1)
22:43:58 [INFO] protein_optimizer.steps.base:   scores/complexity_risk_total: min=0.6000  max=0.6000  mean=0.6000  (n=1)
22:43:58 [INFO] protein_optimizer.steps.base:   scores/motif_count: min=15.0000  max=15.0000  mean=15.0000  (n=1)
22:43:58 [INFO] protein_optimizer.steps.base:   scores/motif_risk_total: min=7.9000  max=7.9000  mean=7.9000  (n=1)
22:43:58 [INFO] protein_optimizer.steps.base:   scores/plddt: min=94.1376  max=94.1376  mean=94.1376  (n=1)
22:43:58 [INFO] protein_optimizer.pipeline: Saved cavity_fill result to /home/markzurbruegg/protein_optimizer/run_proteins/jcDRM_results/cavity_fill.json
22:43:58 [INFO] protein_optimizer.pipeline: ────────────────────────────────────────────────────────────────────────
22:43:58 [INFO] protein_optimizer.pipeline: Step 11/16: Surface Patch Analysis (surface_patch)  [Tier 3]
22:43:58 [INFO] protein_optimizer.pipeline: ────────────────────────────────────────────────────────────────────────
22:43:58 [INFO] protein_optimizer.steps.base: [Tier 3] Starting step: Surface Patch Analysis  (input: 16 candidates)
22:43:59 [INFO] protein_optimizer.steps.surface_patch: jcDRM: 2 hydrophobic patches, 12 mutations proposed
22:43:59 [INFO] protein_optimizer.steps.base: [Tier 3] Completed step: Surface Patch Analysis  (13 candidates, +-3 new, 12 mutations)  [0.7s]
22:43:59 [INFO] protein_optimizer.steps.base:   scores/complexity_issues: min=2.0000  max=2.0000  mean=2.0000  (n=1)
22:43:59 [INFO] protein_optimizer.steps.base:   scores/complexity_risk_total: min=0.6000  max=0.6000  mean=0.6000  (n=1)
22:43:59 [INFO] protein_optimizer.steps.base:   scores/motif_count: min=15.0000  max=15.0000  mean=15.0000  (n=1)
22:43:59 [INFO] protein_optimizer.steps.base:   scores/motif_risk_total: min=7.9000  max=7.9000  mean=7.9000  (n=1)
22:43:59 [INFO] protein_optimizer.steps.base:   scores/plddt: min=94.1376  max=94.1376  mean=94.1376  (n=1)
22:43:59 [INFO] protein_optimizer.steps.base:   scores/surface_sap: min=-0.2961  max=2.9350  mean=1.3736  (n=12)
22:43:59 [INFO] protein_optimizer.pipeline: Saved surface_patch result to /home/markzurbruegg/protein_optimizer/run_proteins/jcDRM_results/surface_patch.json
22:43:59 [INFO] protein_optimizer.pipeline: ────────────────────────────────────────────────────────────────────────
22:43:59 [INFO] protein_optimizer.pipeline: Step 12/16: RFdiffusion Diversify (rfdiffusion_diversify)  [Tier 4]
22:43:59 [INFO] protein_optimizer.pipeline: ────────────────────────────────────────────────────────────────────────
22:43:59 [INFO] protein_optimizer.steps.base: [Tier 4] Starting step: RFdiffusion Diversify  (input: 13 candidates)
22:43:59 [INFO] protein_optimizer.steps.rfdiffusion_diversify: Running RFdiffusion (partial_T=15, T=50)...
22:44:04 [ERROR] protein_optimizer.steps.rfdiffusion_diversify: RFdiffusion failed:
Traceback (most recent call last):
  File "/home/markzurbruegg/library-design/rfdiffusion2-lib/RFdiffusion2/rf_diffusion/run_inference.py", line 38, in <module>
    from rf_diffusion.inference import model_runners
  File "/home/markzurbruegg/library-design/rfdiffusion2-lib/RFdiffusion2/rf_diffusion/inference/__init__.py", line 1, in <module>
    from rf_diffusion.inference import utils, model_runners
  File "/home/markzurbruegg/library-design/rfdiffusion2-lib/RFdiffusion2/rf_diffusion/inference/
22:44:04 [INFO] protein_optimizer.steps.base: [Tier 4] Completed step: RFdiffusion Diversify  (1 candidates, +-12 new, 0 mutations)  [5.3s]
22:44:04 [WARNING] protein_optimizer.steps.base:   ⚠ rfdiffusion_diversify: jcDRM: RFdiffusion produced no outputs.
22:44:04 [INFO] protein_optimizer.steps.base:   scores/complexity_issues: min=2.0000  max=2.0000  mean=2.0000  (n=1)
22:44:04 [INFO] protein_optimizer.steps.base:   scores/complexity_risk_total: min=0.6000  max=0.6000  mean=0.6000  (n=1)
22:44:04 [INFO] protein_optimizer.steps.base:   scores/motif_count: min=15.0000  max=15.0000  mean=15.0000  (n=1)
22:44:04 [INFO] protein_optimizer.steps.base:   scores/motif_risk_total: min=7.9000  max=7.9000  mean=7.9000  (n=1)
22:44:04 [INFO] protein_optimizer.steps.base:   scores/plddt: min=94.1376  max=94.1376  mean=94.1376  (n=1)
22:44:04 [INFO] protein_optimizer.pipeline: Saved rfdiffusion_diversify result to /home/markzurbruegg/protein_optimizer/run_proteins/jcDRM_results/rfdiffusion_diversify.json
22:44:04 [INFO] protein_optimizer.pipeline: ────────────────────────────────────────────────────────────────────────
22:44:04 [INFO] protein_optimizer.pipeline: Step 13/16: ProteinMPNN Design (proteinmpnn_design)  [Tier 4]
22:44:04 [INFO] protein_optimizer.pipeline: ────────────────────────────────────────────────────────────────────────
22:44:04 [INFO] protein_optimizer.steps.base: [Tier 4] Starting step: ProteinMPNN Design  (input: 1 candidates)
22:44:04 [INFO] protein_optimizer.steps.proteinmpnn_design: Dispatching ProteinMPNN to 'protopt'...
22:44:26 [INFO] protein_optimizer.steps.proteinmpnn_design: jcDRM: ProteinMPNN generated 9 designs
22:44:26 [INFO] protein_optimizer.steps.base: [Tier 4] Completed step: ProteinMPNN Design  (10 candidates, +9 new, 1421 mutations)  [21.3s]
22:44:26 [INFO] protein_optimizer.steps.base:   scores/complexity_issues: min=2.0000  max=2.0000  mean=2.0000  (n=1)
22:44:26 [INFO] protein_optimizer.steps.base:   scores/complexity_risk_total: min=0.6000  max=0.6000  mean=0.6000  (n=1)
22:44:26 [INFO] protein_optimizer.steps.base:   scores/motif_count: min=15.0000  max=15.0000  mean=15.0000  (n=1)
22:44:26 [INFO] protein_optimizer.steps.base:   scores/motif_risk_total: min=7.9000  max=7.9000  mean=7.9000  (n=1)
22:44:26 [INFO] protein_optimizer.steps.base:   scores/mpnn_recovery: min=0.0000  max=0.5057  mean=0.4378  (n=9)
22:44:26 [INFO] protein_optimizer.steps.base:   scores/mpnn_score: min=0.7453  max=1.4840  mean=0.8396  (n=9)
22:44:26 [INFO] protein_optimizer.steps.base:   scores/plddt: min=94.1376  max=94.1376  mean=94.1376  (n=1)
22:44:26 [INFO] protein_optimizer.pipeline: Saved proteinmpnn_design result to /home/markzurbruegg/protein_optimizer/run_proteins/jcDRM_results/proteinmpnn_design.json
22:44:26 [INFO] protein_optimizer.pipeline: ────────────────────────────────────────────────────────────────────────
22:44:26 [INFO] protein_optimizer.pipeline: Step 14/16: Design-Validate Loop (design_validate)  [Tier 4]
22:44:26 [INFO] protein_optimizer.pipeline: ────────────────────────────────────────────────────────────────────────
22:44:26 [INFO] protein_optimizer.steps.base: [Tier 4] Starting step: Design-Validate Loop  (input: 10 candidates)
22:44:26 [INFO] protein_optimizer.steps.base: [Tier 4] Completed step: Design-Validate Loop  (10 candidates, +0 new, 1421 mutations)  [0.0s]
22:44:26 [INFO] protein_optimizer.steps.base:   scores/complexity_issues: min=2.0000  max=2.0000  mean=2.0000  (n=1)
22:44:26 [INFO] protein_optimizer.steps.base:   scores/complexity_risk_total: min=0.6000  max=0.6000  mean=0.6000  (n=1)
22:44:26 [INFO] protein_optimizer.steps.base:   scores/motif_count: min=15.0000  max=15.0000  mean=15.0000  (n=1)
22:44:26 [INFO] protein_optimizer.steps.base:   scores/motif_risk_total: min=7.9000  max=7.9000  mean=7.9000  (n=1)
22:44:26 [INFO] protein_optimizer.steps.base:   scores/mpnn_recovery: min=0.0000  max=0.5057  mean=0.4378  (n=9)
22:44:26 [INFO] protein_optimizer.steps.base:   scores/mpnn_score: min=0.7453  max=1.4840  mean=0.8396  (n=9)
22:44:26 [INFO] protein_optimizer.steps.base:   scores/plddt: min=94.1376  max=94.1376  mean=94.1376  (n=1)
22:44:26 [INFO] protein_optimizer.pipeline: Saved design_validate result to /home/markzurbruegg/protein_optimizer/run_proteins/jcDRM_results/design_validate.json
22:44:26 [INFO] protein_optimizer.pipeline: ────────────────────────────────────────────────────────────────────────
22:44:26 [INFO] protein_optimizer.pipeline: Step 15/16: Combine Top Variants (combine_variants)  [Tier 4]
22:44:26 [INFO] protein_optimizer.pipeline: ────────────────────────────────────────────────────────────────────────
22:44:26 [INFO] protein_optimizer.steps.base: [Tier 4] Starting step: Combine Top Variants  (input: 10 candidates)
22:44:26 [INFO] protein_optimizer.steps.combine_variants: Collected 346 total variants from 15 prior steps + current input
22:44:26 [INFO] protein_optimizer.steps.combine_variants: jcDRM: Combining top 25 mutations (order 2–3)
22:44:26 [INFO] protein_optimizer.steps.combine_variants: jcDRM: Generated 300 combinatorial variants
22:44:26 [INFO] protein_optimizer.steps.base: [Tier 4] Completed step: Combine Top Variants  (492 candidates, +482 new, 2261 mutations)  [0.0s]
22:44:26 [INFO] protein_optimizer.steps.base:   scores/cavity_burial: min=1.3333  max=1.5667  mean=1.4378  (n=15)
22:44:26 [INFO] protein_optimizer.steps.base:   scores/combo_mean: min=2.3751  max=7.4810  mean=3.8364  (n=300)
22:44:26 [INFO] protein_optimizer.steps.base:   scores/combo_sum: min=4.7502  max=19.9813  mean=8.2555  (n=300)
22:44:26 [INFO] protein_optimizer.steps.base:   scores/complexity_issues: min=2.0000  max=2.0000  mean=2.0000  (n=26)
22:44:26 [INFO] protein_optimizer.steps.base:   scores/complexity_risk_total: min=0.6000  max=0.6000  mean=0.6000  (n=26)
22:44:26 [INFO] protein_optimizer.steps.base:   scores/consensus_conservation: min=0.4469  max=3.8866  mean=0.7580  (n=21)
22:44:26 [INFO] protein_optimizer.steps.base:   scores/cys_risk: min=0.5000  max=5.8500  mean=1.1700  (n=10)
22:44:26 [INFO] protein_optimizer.steps.base:   scores/ddg: min=-1.1111  max=-0.5072  mean=-0.6882  (n=65)
22:44:26 [INFO] protein_optimizer.steps.base:   scores/disulfide_cb_distance: min=3.7371  max=3.9933  mean=3.8551  (n=15)
22:44:26 [INFO] protein_optimizer.steps.base:   scores/disulfide_energy_estimate: min=-1.9565  max=-1.0336  mean=-1.5655  (n=15)
22:44:26 [INFO] protein_optimizer.steps.base:   scores/motif_count: min=15.0000  max=17.0000  mean=15.3636  (n=11)
22:44:26 [INFO] protein_optimizer.steps.base:   scores/motif_risk_fixed: min=0.3000  max=0.7000  mean=0.5267  (n=15)
22:44:26 [INFO] protein_optimizer.steps.base:   scores/motif_risk_total: min=7.9000  max=9.3000  mean=8.1545  (n=11)
22:44:26 [INFO] protein_optimizer.steps.base:   scores/mpnn_recovery: min=0.4800  max=0.5057  mean=0.4925  (n=8)
22:44:26 [INFO] protein_optimizer.steps.base:   scores/mpnn_score: min=0.7453  max=0.7752  mean=0.7590  (n=8)
22:44:26 [INFO] protein_optimizer.steps.base:   scores/n_mutations: min=2.0000  max=3.0000  mean=2.1000  (n=300)
22:44:26 [INFO] protein_optimizer.steps.base:   scores/plddt: min=94.1376  max=94.1376  mean=94.1376  (n=1)
22:44:26 [INFO] protein_optimizer.steps.base:   scores/pssm_log_odds: min=2.1662  max=8.1310  mean=3.4130  (n=30)
22:44:26 [INFO] protein_optimizer.steps.base:   scores/surface_sap: min=-0.2961  max=2.9350  mean=1.3736  (n=12)
22:44:26 [INFO] protein_optimizer.pipeline: Saved combine_variants result to /home/markzurbruegg/protein_optimizer/run_proteins/jcDRM_results/combine_variants.json
22:44:26 [INFO] protein_optimizer.pipeline: ────────────────────────────────────────────────────────────────────────
22:44:26 [INFO] protein_optimizer.pipeline: Step 16/16: Profluent E1 Scoring (e1_score)  [Tier 5]
22:44:26 [INFO] protein_optimizer.pipeline: ────────────────────────────────────────────────────────────────────────
22:44:26 [INFO] protein_optimizer.steps.base: [Tier 5] Starting step: Profluent E1 Scoring  (input: 492 candidates)
22:44:26 [INFO] protein_optimizer.steps.e1_score: Dispatching E1 to 'e1' (477 seqs)...
22:44:49 [INFO] protein_optimizer.steps.e1_score: E1 scored 492/492 candidates
22:44:49 [INFO] protein_optimizer.steps.base: [Tier 5] Completed step: Profluent E1 Scoring  (492 candidates, +0 new, 2261 mutations)  [22.8s]
22:44:49 [INFO] protein_optimizer.steps.base:   scores/cavity_burial: min=1.3333  max=1.5667  mean=1.4378  (n=15)
22:44:49 [INFO] protein_optimizer.steps.base:   scores/combo_mean: min=2.3751  max=7.4810  mean=3.8364  (n=300)
22:44:49 [INFO] protein_optimizer.steps.base:   scores/combo_sum: min=4.7502  max=19.9813  mean=8.2555  (n=300)
22:44:49 [INFO] protein_optimizer.steps.base:   scores/complexity_issues: min=2.0000  max=2.0000  mean=2.0000  (n=26)
22:44:49 [INFO] protein_optimizer.steps.base:   scores/complexity_risk_total: min=0.6000  max=0.6000  mean=0.6000  (n=26)
22:44:49 [INFO] protein_optimizer.steps.base:   scores/consensus_conservation: min=0.4469  max=3.8866  mean=0.7580  (n=21)
22:44:49 [INFO] protein_optimizer.steps.base:   scores/cys_risk: min=0.5000  max=5.8500  mean=1.1700  (n=10)
22:44:49 [INFO] protein_optimizer.steps.base:   scores/ddg: min=-1.1111  max=-0.5072  mean=-0.6882  (n=65)
22:44:49 [INFO] protein_optimizer.steps.base:   scores/disulfide_cb_distance: min=3.7371  max=3.9933  mean=3.8551  (n=15)
22:44:49 [INFO] protein_optimizer.steps.base:   scores/disulfide_energy_estimate: min=-1.9565  max=-1.0336  mean=-1.5655  (n=15)
22:44:49 [INFO] protein_optimizer.steps.base:   scores/e1_fitness: min=-1759.9026  max=21.7330  mean=-30.3758  (n=492)
22:44:49 [INFO] protein_optimizer.steps.base:   scores/motif_count: min=15.0000  max=17.0000  mean=15.3636  (n=11)
22:44:49 [INFO] protein_optimizer.steps.base:   scores/motif_risk_fixed: min=0.3000  max=0.7000  mean=0.5267  (n=15)
22:44:49 [INFO] protein_optimizer.steps.base:   scores/motif_risk_total: min=7.9000  max=9.3000  mean=8.1545  (n=11)
22:44:49 [INFO] protein_optimizer.steps.base:   scores/mpnn_recovery: min=0.4800  max=0.5057  mean=0.4925  (n=8)
22:44:49 [INFO] protein_optimizer.steps.base:   scores/mpnn_score: min=0.7453  max=0.7752  mean=0.7590  (n=8)
22:44:49 [INFO] protein_optimizer.steps.base:   scores/n_mutations: min=2.0000  max=3.0000  mean=2.1000  (n=300)
22:44:49 [INFO] protein_optimizer.steps.base:   scores/plddt: min=94.1376  max=94.1376  mean=94.1376  (n=1)
22:44:49 [INFO] protein_optimizer.steps.base:   scores/pssm_log_odds: min=2.1662  max=8.1310  mean=3.4130  (n=30)
22:44:49 [INFO] protein_optimizer.steps.base:   scores/surface_sap: min=-0.2961  max=2.9350  mean=1.3736  (n=12)
22:44:49 [INFO] protein_optimizer.pipeline: Saved e1_score result to /home/markzurbruegg/protein_optimizer/run_proteins/jcDRM_results/e1_score.json
22:44:49 [INFO] protein_optimizer.pipeline: Score aggregation complete.
22:44:49 [INFO] protein_optimizer.scoring.filters: Filter: 484 passed, 8 failed out of 492 total
22:44:49 [INFO] protein_optimizer.pipeline: Filtering: 484 passed, 8 failed.
22:44:49 [INFO] protein_optimizer.reporting.report_v2: Report v2 saved to /home/markzurbruegg/protein_optimizer/run_proteins/report.html
22:44:49 [INFO] protein_optimizer.pipeline: Report v2 saved to /home/markzurbruegg/protein_optimizer/run_proteins/report.html
22:44:49 [INFO] protein_optimizer.reporting.report_v2: Report v2 saved to /home/markzurbruegg/protein_optimizer/run_proteins/jcDRM_results/report.html
22:44:49 [INFO] protein_optimizer.pipeline: ========================================================================
22:44:49 [INFO] protein_optimizer.pipeline: PIPELINE COMPLETE — 492 final candidates  [79.9s total]
22:44:49 [INFO] protein_optimizer.pipeline:   Candidates with scores: 492
22:44:49 [INFO] protein_optimizer.pipeline:   Candidates with mutations: 491
22:44:49 [INFO] protein_optimizer.pipeline:   Results: /home/markzurbruegg/protein_optimizer/run_proteins/jcDRM_results
22:44:49 [INFO] protein_optimizer.pipeline: ========================================================================

✓ Pipeline complete. 492 candidates.
  Results: /home/markzurbruegg/protein_optimizer/run_proteins/jcDRM_results/
  Report:  /home/markzurbruegg/protein_optimizer/run_proteins/jcDRM_report.html
