[2026-03-09 23:12:34,697][rf_diffusion.config.config_format][INFO] - Translating obsolete key: extra_t1d_params -> ['extra_tXd_params']
[2026-03-09 23:12:34,698][rf_diffusion.config.config_format][INFO] - Translating obsolete key: extra_t1d -> ['extra_tXd']
[2026-03-09 23:12:51,414][__main__][INFO] - Making design 0 of 0:5: /home/markzurbruegg/protein_optimizer/run_proteins/jcDRM_results/structures/jcDRM_rfdiff_0
[2026-03-09 23:12:52,482][se3_flow_matching.data.so3_utils][INFO] - Data loaded from .cache/cache_igso3_s0.100-1.500-1000_l1000_o1000-3.npz
[2026-03-09 23:12:52,710][__main__][INFO] - Flow-matching step: 1/15
[2026-03-09 23:13:08,124][__main__][INFO] - Flow-matching step: 2/15
[2026-03-09 23:13:21,984][__main__][INFO] - Flow-matching step: 3/15
[2026-03-09 23:13:35,946][__main__][INFO] - Flow-matching step: 4/15
[2026-03-09 23:13:49,887][__main__][INFO] - Flow-matching step: 5/15
[2026-03-09 23:14:03,729][__main__][INFO] - Flow-matching step: 6/15
[2026-03-09 23:14:17,609][__main__][INFO] - Flow-matching step: 7/15
[2026-03-09 23:14:31,374][__main__][INFO] - Flow-matching step: 8/15
[2026-03-09 23:14:45,304][__main__][INFO] - Flow-matching step: 9/15
[2026-03-09 23:14:59,178][__main__][INFO] - Flow-matching step: 10/15
[2026-03-09 23:15:13,039][__main__][INFO] - Flow-matching step: 11/15
[2026-03-09 23:15:26,980][__main__][INFO] - Flow-matching step: 12/15
[2026-03-09 23:15:40,888][__main__][INFO] - Flow-matching step: 13/15
[2026-03-09 23:15:54,715][__main__][INFO] - Flow-matching step: 14/15
[2026-03-09 23:16:08,619][__main__][INFO] - Flow-matching step: 15/15
[2026-03-09 23:16:22,750][__main__][INFO] - Finished design in 3.52 minutes
[2026-03-09 23:16:22,795][__main__][INFO] - out_prefix_suffixed='/home/markzurbruegg/protein_optimizer/run_proteins/jcDRM_results/structures/jcDRM_rfdiff_0-atomized-bb-False', conf.inference.guidepost_xyz_as_design_bb=False
[2026-03-09 23:16:25,802][__main__][INFO] - design : /home/markzurbruegg/protein_optimizer/run_proteins/jcDRM_results/structures/jcDRM_rfdiff_0-atomized-bb-False.pdb
[2026-03-09 23:16:25,802][__main__][INFO] - Making design 1 of 0:5: /home/markzurbruegg/protein_optimizer/run_proteins/jcDRM_results/structures/jcDRM_rfdiff_1
[2026-03-09 23:16:27,037][__main__][INFO] - Flow-matching step: 1/15
[2026-03-09 23:16:40,916][__main__][INFO] - Flow-matching step: 2/15
[2026-03-09 23:16:54,780][__main__][INFO] - Flow-matching step: 3/15
[2026-03-09 23:17:08,642][__main__][INFO] - Flow-matching step: 4/15
[2026-03-09 23:17:22,460][__main__][INFO] - Flow-matching step: 5/15
[2026-03-09 23:17:36,354][__main__][INFO] - Flow-matching step: 6/15
[2026-03-09 23:17:50,247][__main__][INFO] - Flow-matching step: 7/15
[2026-03-09 23:18:04,135][__main__][INFO] - Flow-matching step: 8/15
[2026-03-09 23:18:18,029][__main__][INFO] - Flow-matching step: 9/15
[2026-03-09 23:18:31,909][__main__][INFO] - Flow-matching step: 10/15
[2026-03-09 23:18:45,805][__main__][INFO] - Flow-matching step: 11/15
[2026-03-09 23:18:59,687][__main__][INFO] - Flow-matching step: 12/15
[2026-03-09 23:19:13,554][__main__][INFO] - Flow-matching step: 13/15
[2026-03-09 23:19:27,409][__main__][INFO] - Flow-matching step: 14/15
[2026-03-09 23:19:41,271][__main__][INFO] - Flow-matching step: 15/15
[2026-03-09 23:19:55,471][__main__][INFO] - Finished design in 3.49 minutes
[2026-03-09 23:19:55,516][__main__][INFO] - out_prefix_suffixed='/home/markzurbruegg/protein_optimizer/run_proteins/jcDRM_results/structures/jcDRM_rfdiff_1-atomized-bb-False', conf.inference.guidepost_xyz_as_design_bb=False
[2026-03-09 23:19:58,541][__main__][INFO] - design : /home/markzurbruegg/protein_optimizer/run_proteins/jcDRM_results/structures/jcDRM_rfdiff_1-atomized-bb-False.pdb
[2026-03-09 23:19:58,542][__main__][INFO] - Making design 2 of 0:5: /home/markzurbruegg/protein_optimizer/run_proteins/jcDRM_results/structures/jcDRM_rfdiff_2
[2026-03-09 23:19:59,774][__main__][INFO] - Flow-matching step: 1/15
[2026-03-09 23:20:13,591][__main__][INFO] - Flow-matching step: 2/15
[2026-03-09 23:20:27,383][__main__][INFO] - Flow-matching step: 3/15
[2026-03-09 23:20:41,241][__main__][INFO] - Flow-matching step: 4/15
[2026-03-09 23:20:55,155][__main__][INFO] - Flow-matching step: 5/15
[2026-03-09 23:21:09,114][__main__][INFO] - Flow-matching step: 6/15
[2026-03-09 23:21:22,956][__main__][INFO] - Flow-matching step: 7/15
[2026-03-09 23:21:36,828][__main__][INFO] - Flow-matching step: 8/15
[2026-03-09 23:21:50,705][__main__][INFO] - Flow-matching step: 9/15
[2026-03-09 23:22:04,643][__main__][INFO] - Flow-matching step: 10/15
[2026-03-09 23:22:18,532][__main__][INFO] - Flow-matching step: 11/15
[2026-03-09 23:22:32,431][__main__][INFO] - Flow-matching step: 12/15
[2026-03-09 23:22:46,326][__main__][INFO] - Flow-matching step: 13/15
[2026-03-09 23:23:00,227][__main__][INFO] - Flow-matching step: 14/15
[2026-03-09 23:23:14,015][__main__][INFO] - Flow-matching step: 15/15
[2026-03-09 23:23:28,086][__main__][INFO] - Finished design in 3.49 minutes
[2026-03-09 23:23:28,133][__main__][INFO] - out_prefix_suffixed='/home/markzurbruegg/protein_optimizer/run_proteins/jcDRM_results/structures/jcDRM_rfdiff_2-atomized-bb-False', conf.inference.guidepost_xyz_as_design_bb=False
[2026-03-09 23:23:31,168][__main__][INFO] - design : /home/markzurbruegg/protein_optimizer/run_proteins/jcDRM_results/structures/jcDRM_rfdiff_2-atomized-bb-False.pdb
[2026-03-09 23:23:31,168][__main__][INFO] - Making design 3 of 0:5: /home/markzurbruegg/protein_optimizer/run_proteins/jcDRM_results/structures/jcDRM_rfdiff_3
[2026-03-09 23:23:32,402][__main__][INFO] - Flow-matching step: 1/15
[2026-03-09 23:23:46,376][__main__][INFO] - Flow-matching step: 2/15
[2026-03-09 23:24:00,235][__main__][INFO] - Flow-matching step: 3/15
[2026-03-09 23:24:14,107][__main__][INFO] - Flow-matching step: 4/15
[2026-03-09 23:24:27,969][__main__][INFO] - Flow-matching step: 5/15
[2026-03-09 23:24:41,849][__main__][INFO] - Flow-matching step: 6/15
[2026-03-09 23:24:55,768][__main__][INFO] - Flow-matching step: 7/15
[2026-03-09 23:25:09,657][__main__][INFO] - Flow-matching step: 8/15
[2026-03-09 23:25:23,607][__main__][INFO] - Flow-matching step: 9/15
[2026-03-09 23:25:37,400][__main__][INFO] - Flow-matching step: 10/15
[2026-03-09 23:25:51,274][__main__][INFO] - Flow-matching step: 11/15
[2026-03-09 23:26:05,158][__main__][INFO] - Flow-matching step: 12/15
[2026-03-09 23:26:19,031][__main__][INFO] - Flow-matching step: 13/15
[2026-03-09 23:26:32,968][__main__][INFO] - Flow-matching step: 14/15
[2026-03-09 23:26:46,768][__main__][INFO] - Flow-matching step: 15/15
[2026-03-09 23:27:00,975][__main__][INFO] - Finished design in 3.50 minutes
[2026-03-09 23:27:01,021][__main__][INFO] - out_prefix_suffixed='/home/markzurbruegg/protein_optimizer/run_proteins/jcDRM_results/structures/jcDRM_rfdiff_3-atomized-bb-False', conf.inference.guidepost_xyz_as_design_bb=False
[2026-03-09 23:27:04,060][__main__][INFO] - design : /home/markzurbruegg/protein_optimizer/run_proteins/jcDRM_results/structures/jcDRM_rfdiff_3-atomized-bb-False.pdb
[2026-03-09 23:27:04,060][__main__][INFO] - Making design 4 of 0:5: /home/markzurbruegg/protein_optimizer/run_proteins/jcDRM_results/structures/jcDRM_rfdiff_4
[2026-03-09 23:27:05,294][__main__][INFO] - Flow-matching step: 1/15
[2026-03-09 23:27:19,163][__main__][INFO] - Flow-matching step: 2/15
[2026-03-09 23:27:33,020][__main__][INFO] - Flow-matching step: 3/15
[2026-03-09 23:27:46,906][__main__][INFO] - Flow-matching step: 4/15
[2026-03-09 23:28:00,867][__main__][INFO] - Flow-matching step: 5/15
[2026-03-09 23:28:14,661][__main__][INFO] - Flow-matching step: 6/15
[2026-03-09 23:28:28,473][__main__][INFO] - Flow-matching step: 7/15
[2026-03-09 23:28:42,421][__main__][INFO] - Flow-matching step: 8/15
[2026-03-09 23:28:56,209][__main__][INFO] - Flow-matching step: 9/15
[2026-03-09 23:29:10,102][__main__][INFO] - Flow-matching step: 10/15
[2026-03-09 23:29:23,964][__main__][INFO] - Flow-matching step: 11/15
[2026-03-09 23:29:37,757][__main__][INFO] - Flow-matching step: 12/15
[2026-03-09 23:29:51,634][__main__][INFO] - Flow-matching step: 13/15
[2026-03-09 23:30:05,589][__main__][INFO] - Flow-matching step: 14/15
[2026-03-09 23:30:19,461][__main__][INFO] - Flow-matching step: 15/15
[2026-03-09 23:30:33,637][__main__][INFO] - Finished design in 3.49 minutes
[2026-03-09 23:30:33,683][__main__][INFO] - out_prefix_suffixed='/home/markzurbruegg/protein_optimizer/run_proteins/jcDRM_results/structures/jcDRM_rfdiff_4-atomized-bb-False', conf.inference.guidepost_xyz_as_design_bb=False
[2026-03-09 23:30:36,749][__main__][INFO] - design : /home/markzurbruegg/protein_optimizer/run_proteins/jcDRM_results/structures/jcDRM_rfdiff_4-atomized-bb-False.pdb
